0001   0000             
0002   0000             ;ШШШШШШШШШШШШШШШШШШШШШШШШШШШШШШШШШШШШШШШШШШШШШШШШШШШШШШШШШШШШШШШШ
0003   0000             ;ШШШШШШШ  Программа для проверки работы транслятора TASM  ШШШШШШШ
0004   0000             ;ШШШШШШШ    с системой команд модели процессора MDP-08    ШШШШШШШ
0005   0000             ;ШШШШШШШШШШШШШШШШШШШШШШШШШШШШШШШШШШШШШШШШШШШШШШШШШШШШШШШШШШШШШШШШ
0006   0000             ; Test all instructions and addressing modes.
0007   0000             ; Processor: MDP08
0008   0000             ;
0009   0000             		.ORG	000h	; Назначение начального адреса трансляции
0010   0000             ;----------------------------------------------------------------
0011   0000 00          		WRITE   A, A    ;перезапис із регістра А в регістр А
0012   0001 04          M2:		WRITE   A, B    ;перезапис із регістра B в регістр А
0013   0002 08          		WRITE   A, C    ;перезапис із регістра С в регістр А
0014   0003 0C          		WRITE   A, D    ;перезапис із регістра D в регістр А
0015   0004 01          		WRITE   B, A    ;перезапис із регістра А в регістр В
0016   0005 09          M3:		WRITE   B, C    ;перезапис із регістра C в регістр В
0017   0006 0D          		WRITE   B, D    ;перезапис із регістра D в регістр В
0018   0007 02          		WRITE   C, A    ;перезапис із регістра А в регістр С
0019   0008 06          		WRITE   C, B    ;перезапис із регістра B в регістр С
0020   0009 0E          		WRITE   C, D    ;перезапис із регістра D в регістр С
0021   000A 03          		WRITE   D, A    ;перезапис із регістра А в регістр D
0022   000B 07          		WRITE   D, B    ;перезапис із регістра B в регістр D
0023   000C 0B          		WRITE   D, C    ;перезапис із регістра С в регістр D
0024   000D 20          M1:		CLR     A       ;очистка регістра  А
0025   000E 21          		CLR     B       ;очистка регістра  В
0026   000F 22          		CLR     C       ;очистка регістра  С
0027   0010 23          		CLR     D       ;очистка регістра  D
0028   0011 24          		INV     A, A    ;інверсія регістра А
0029   0012 25          		INV     B, A    ;запис в регістр B інвертоване число із регістра А
0030   0013 26          		INV     C, A    ;запис в регістр C інвертоване число із регістра А
0031   0014 27          		INV     D, A    ;запис в регістр D інвертоване число із регістра А
0032   0015 28          		OR      A, AB   ;запис в регістр A диз’юнкції регістрів А і В
0033   0016 29          		OR      B, AB   ;запис в регістр B диз’юнкції регістрів А і В
0034   0017 2A          		OR      C, AB   ;запис в регістр C диз’юнкції регістрів А і В
0035   0018 2B          		OR      D, AB   ;запис в регістр D диз’юнкції регістрів А і В
0036   0019 2C          		AND     A, AB   ;запис в регістр А кон’юнкції регістрів А і В
0037   001A 2D          		AND     B, AB   ;запис в регістр B кон’юнкції регістрів А і В
0038   001B 2E          		AND     C, AB   ;запис в регістр C кон’юнкції регістрів А і В
0039   001C 2F          M4:		AND     D, AB   ;запис в регістр D кон’юнкції регістрів А і В
0040   001D 30          		XOR     A, AB   ;запис в регістр А виключного АБО регістрів А і В
0041   001E 31          		XOR     B, AB   ;запис в регістр B виключного АБО регістрів А і В
0042   001F 32          		XOR     C, AB   ;запис в регістр C виключного АБО регістрів А і В
0043   0020 33          		XOR     D, AB   ;запис в регістр D виключного АБО регістрів А і В
0044   0021 34          		RL      A, A    ;циклічне зміщення розрядів в регістрі А вліво
0045   0022 35          		RL      B, A    ;запис в регістр В зміщених вліво розрядів регістра А
0046   0023 36          		RL      C, A    ;запис в регістр C зміщених вліво розрядів регістра А
0047   0024 37          		RL      D, A    ;запис в регістр D зміщених вліво розрядів регістра А
0048   0025 38          		RR      A, A    ;циклічне зміщення розрядів в регістрі А вправо
0049   0026 39          		RR      B, A    ;запис в регістр В зміщених вправо розрядів регістра А
0050   0027 3A          		RR      C, A    ;запис в регістр C зміщених вправо розрядів регістра А
0051   0028 3B          		RR      D, A    ;запис в регістр D зміщених вправо розрядів регістра А
0052   0029 3C          		SUM     A, AB   ;запис в регістр А арифметичної суми регістрів А і В
0053   002A 3D          		SUM     B, AB   ;запис в регістр В арифметичної суми регістрів А і В
0054   002B 3E          		SUM     C, AB   ;запис в регістр C арифметичної суми регістрів А і В
0055   002C 3F          		SUM     D, AB   ;запис в регістр D арифметичної суми регістрів А і В
0056   002D 40 0A       		INS     A, #10d   ;запис числа 10d до регістру А
0057   002F 41 02       		INS     B, #00000010b   ;запис числа 00000010b до регістру В
0058   0031 42 0B       		INS     C, #0Bh   ;запис числа 0Bh до регістру C
0059   0033 43 08       		INS     D, #08d   ;запис числа 08d до регістру D
0060   0035 80 0D       		GOTO    M1      ;Переходимо на мітку М1
0061   0037 C0 01       		GOZR    M2      ;Переходимо на мітку М2, якщо А=0
0062   0039 C1 05       		GONZR   M3      ;Переходимо на мітку М3, якщо А!=0
0063   003B C2 1C       		GOB     M4      ;Переходимо на мітку М4, якщо встановлено біт переносу
0064   003D C3 0D       		GONB    M1      ;Переходимо на мітку М1, якщо біт переносу дорівнює нулю
0065   003F             ;----------------------------------------------------------------
0066   003F                     .END			; Конец трансляции тестовой программы
tasm: Number of errors = 0
