0001   0000             
0002   0000             ;ШШШШШШШШШШШШШШШШШШШШШШШШШШШШШШШШШШШШШШШШШШШШШШШШШШШШШШШШШШШШШШШШ
0003   0000             ;ШШШШШШШ  Программа для проверки работы транслятора TASM  ШШШШШШШ
0004   0000             ;ШШШШШШШ    с системой команд модели процессора MDP-08    ШШШШШШШ
0005   0000             ;ШШШШШШШШШШШШШШШШШШШШШШШШШШШШШШШШШШШШШШШШШШШШШШШШШШШШШШШШШШШШШШШШ
0006   0000             ; Test all instructions and addressing modes.
0007   0000             ; Processor: MDP08
0008   0000             ;
0009   0000             		.ORG	000h	; Назначение начального адреса трансляции
0010   0000             ;----------------------------------------------------------------
0011   0000 43 80       		INS     D, #80h ;запис числа 80h до регістру D, 
0012   0002             						;це буде сигнал, що буде "рухатися"
0013   0002 0E          		WRITE   C, D    ;перезапис із регістра D в регістр С, бо працюємо з двома регістрами
0014   0003 0C          M1:		WRITE   A, D    ;перезапис із регістра D в регістр А, щоб мати змогу працювати
0015   0004 3B          		RR      D, A    ;запис в регістр D зміщених вправо розрядів регістра А, щоб сигнал рухався вниз
0016   0005 08          		WRITE   A, C    ;перезапис із регістра С в регістр А, щоб повернути попередній стан регістру А
0017   0006 36          		RL      C, A    ;запис в регістр C зміщених вліво розрядів регістра А, щоб сигнал рухався вверх
0018   0007 80 03       		GOTO    M1      ;Переходимо на мітку М1 для зацикленення програми
0019   0009             ;----------------------------------------------------------------
0020   0009                     .END			; Конец трансляции тестовой программы
tasm: Number of errors = 0
